# Conflict Converge map v1
name=Prototype Sandbox
author=dev-team
width=32
height=32
................................
..TTT...........................
..TTTTT.........................
...TTT..........................
................................
.............~~~~...............
............~~~~~~~~............
............~~~~~~~~............
.............~~~~~~.............
..............~~~~..............
................................
..........................^^^^..
.........................^^^^^^.
..........................^^^^..
................................
................................
.....1..........................
................................
................................
..^^............................
.^^^^...........................
..^^............................
................................
......................TTTT......
.....................TTTTTT.....
......................TTTT......
.......................TT.......
................................
................................
................................
................................
................................
